rattle
in
herein
football
walk
throwback
weatherman
weather
quake
pass
earth
port
grandmother
basketball
anybody
sunflower
mother
sun
cross
moon
meantime
everything
earthquake
flower
passport
grand
crosswalk
board
body
rattlesnake
life
ball
elsewhere
fire
fireworks
rail
here
back
cannot
every
snake
base
not
railroad
else
throw
man
lifetime
foot
light
inside
skateboard
up
any
moonlight
thing
skate
upside
can
time
basket
baseball
works
where
side
road
mean
